Godot Engine v4.7.2.stable.official.ed1daf0bf - https://godotengine.org

[   0% ] [90m[1mfirst_scan_filesystem[22m | Started 椤圭洰鍒濆鍖?(5 steps)[39m[0m
[   0% ] [90m[1mfirst_scan_filesystem[22m | 姝ｅ湪鎵弿鏂囦欢缁撴瀯鈥︹€?[39m[0m
[  16% ] [90m[1mfirst_scan_filesystem[22m | 姝ｅ湪鍔犺浇鍏ㄥ眬绫诲悕鈥︹€?[39m[0m
[  33% ] [90m[1mfirst_scan_filesystem[22m | 姝ｅ湪鏍￠獙 GDExtension鈥︹€?[39m[0m
[  50% ] [90m[1mfirst_scan_filesystem[22m | 姝ｅ湪鍒涘缓鑷姩鍔犺浇鑴氭湰鈥︹€?[39m[0m
[  66% ] [90m[1mfirst_scan_filesystem[22m | 姝ｅ湪鍒濆鍖栨彃浠垛€︹€?[39m[0m
[  83% ] [90m[1mfirst_scan_filesystem[22m | 姝ｅ湪鍚姩鏂囦欢鎵弿鈥︹€?[39m[0m
[92m[ DONE ][39m [1mfirst_scan_filesystem[22m
[0m
[   0% ] [90m[1mupdate_scripts_classes[22m | Started 姝ｅ湪娉ㄥ唽鍏ㄥ眬绫烩€︹€?(2 steps)[39m[0m
[   0% ] [90m[1mupdate_scripts_classes[22m | LevelLibrary[39m[0m
[  33% ] [90m[1mupdate_scripts_classes[22m | [39m[0m
[92m[ DONE ][39m [1mupdate_scripts_classes[22m
[0m
[   0% ] [90m[1m_update_scan_actions[22m | Started 姝ｅ湪鎵弿鍔ㄤ綔鈥︹€?(25 steps)[39m[0m
[   0% ] [90m[1m_update_scan_actions[22m | brush.png[39m[0m
[   3% ] [90m[1m_update_scan_actions[22m | call.png[39m[0m
[   7% ] [90m[1m_update_scan_actions[22m | chart.png[39m[0m
[  11% ] [90m[1m_update_scan_actions[22m | cloth.png[39m[0m
[  15% ] [90m[1m_update_scan_actions[22m | curse.png[39m[0m
[  19% ] [90m[1m_update_scan_actions[22m | douse.png[39m[0m
[  23% ] [90m[1m_update_scan_actions[22m | dust.png[39m[0m
[  26% ] [90m[1m_update_scan_actions[22m | fare.png[39m[0m
[  30% ] [90m[1m_update_scan_actions[22m | feel.png[39m[0m
[  34% ] [90m[1m_update_scan_actions[22m | ferry.png[39m[0m
[  38% ] [90m[1m_update_scan_actions[22m | forget.png[39m[0m
[  42% ] [90m[1m_update_scan_actions[22m | form.png[39m[0m
[  46% ] [90m[1m_update_scan_actions[22m | know.png[39m[0m
[  50% ] [90m[1m_update_scan_actions[22m | pilgrim.png[39m[0m
[  53% ] [90m[1m_update_scan_actions[22m | pour.png[39m[0m
[  57% ] [90m[1m_update_scan_actions[22m | recall.png[39m[0m
[  61% ] [90m[1m_update_scan_actions[22m | rite.png[39m[0m
[  65% ] [90m[1m_update_scan_actions[22m | see.png[39m[0m
[  69% ] [90m[1m_update_scan_actions[22m | settle.png[39m[0m
[  73% ] [90m[1m_update_scan_actions[22m | shadow.png[39m[0m
[  76% ] [90m[1m_update_scan_actions[22m | sit.png[39m[0m
[  80% ] [90m[1m_update_scan_actions[22m | song.png[39m[0m
[  84% ] [90m[1m_update_scan_actions[22m | stain.png[39m[0m
[  88% ] [90m[1m_update_scan_actions[22m | stir.png[39m[0m
[  92% ] [90m[1m_update_scan_actions[22m | wax.png[39m[0m
[92m[ DONE ][39m [1m_update_scan_actions[22m
[0m
[   0% ] [90m[1mreimport[22m | Started 姝ｅ湪瀵煎叆鎴栭噸鏂板鍏ヨ祫浜?(25 steps)[39m[0m
[   0% ] [90m[1mreimport[22m | 姝ｅ湪鍑嗗閲嶆柊瀵煎叆鏂囦欢鈥︹€?[39m[0m
[   3% ] [90m[1mreimport[22m | 姝ｅ湪鍑嗗閲嶆柊瀵煎叆鏂囦欢鈥︹€?[39m[0m
[   7% ] [90m[1mreimport[22m | 姝ｅ湪鍑嗗閲嶆柊瀵煎叆鏂囦欢鈥︹€?[39m[0m
[  11% ] [90m[1mreimport[22m | 姝ｅ湪鍑嗗閲嶆柊瀵煎叆鏂囦欢鈥︹€?[39m[0m
[  15% ] [90m[1mreimport[22m | 姝ｅ湪鍑嗗閲嶆柊瀵煎叆鏂囦欢鈥︹€?[39m[0m
[  19% ] [90m[1mreimport[22m | 姝ｅ湪鍑嗗閲嶆柊瀵煎叆鏂囦欢鈥︹€?[39m[0m
[  23% ] [90m[1mreimport[22m | 姝ｅ湪鍑嗗閲嶆柊瀵煎叆鏂囦欢鈥︹€?[39m[0m
[  26% ] [90m[1mreimport[22m | 姝ｅ湪鍑嗗閲嶆柊瀵煎叆鏂囦欢鈥︹€?[39m[0m
[  30% ] [90m[1mreimport[22m | 姝ｅ湪鍑嗗閲嶆柊瀵煎叆鏂囦欢鈥︹€?[39m[0m
[  34% ] [90m[1mreimport[22m | 姝ｅ湪鍑嗗閲嶆柊瀵煎叆鏂囦欢鈥︹€?[39m[0m
[  38% ] [90m[1mreimport[22m | 姝ｅ湪鍑嗗閲嶆柊瀵煎叆鏂囦欢鈥︹€?[39m[0m
[  42% ] [90m[1mreimport[22m | 姝ｅ湪鍑嗗閲嶆柊瀵煎叆鏂囦欢鈥︹€?[39m[0m
[  46% ] [90m[1mreimport[22m | 姝ｅ湪鍑嗗閲嶆柊瀵煎叆鏂囦欢鈥︹€?[39m[0m
[  50% ] [90m[1mreimport[22m | 姝ｅ湪鍑嗗閲嶆柊瀵煎叆鏂囦欢鈥︹€?[39m[0m
[  53% ] [90m[1mreimport[22m | 姝ｅ湪鍑嗗閲嶆柊瀵煎叆鏂囦欢鈥︹€?[39m[0m
[  57% ] [90m[1mreimport[22m | 姝ｅ湪鍑嗗閲嶆柊瀵煎叆鏂囦欢鈥︹€?[39m[0m
[  61% ] [90m[1mreimport[22m | 姝ｅ湪鍑嗗閲嶆柊瀵煎叆鏂囦欢鈥︹€?[39m[0m
[  65% ] [90m[1mreimport[22m | 姝ｅ湪鍑嗗閲嶆柊瀵煎叆鏂囦欢鈥︹€?[39m[0m
[  69% ] [90m[1mreimport[22m | 姝ｅ湪鍑嗗閲嶆柊瀵煎叆鏂囦欢鈥︹€?[39m[0m
[  73% ] [90m[1mreimport[22m | 姝ｅ湪鍑嗗閲嶆柊瀵煎叆鏂囦欢鈥︹€?[39m[0m
[  76% ] [90m[1mreimport[22m | 姝ｅ湪鍑嗗閲嶆柊瀵煎叆鏂囦欢鈥︹€?[39m[0m
[  80% ] [90m[1mreimport[22m | 姝ｅ湪鍑嗗閲嶆柊瀵煎叆鏂囦欢鈥︹€?[39m[0m
[  84% ] [90m[1mreimport[22m | 姝ｅ湪鍑嗗閲嶆柊瀵煎叆鏂囦欢鈥︹€?[39m[0m
[  88% ] [90m[1mreimport[22m | 姝ｅ湪鍑嗗閲嶆柊瀵煎叆鏂囦欢鈥︹€?[39m[0m
[  92% ] [90m[1mreimport[22m | 姝ｅ湪鍑嗗閲嶆柊瀵煎叆鏂囦欢鈥︹€?[39m[0m
[   0% ] [90m[1mreimport[22m | 姝ｅ湪鎵ц閲嶆柊瀵煎叆鐨勫墠缃搷浣溾€︹€?[39m[0m
[   0% ] [90m[1mreimport[22m | wax.png[39m[0m
[   0% ] [90m[1mreimport[22m | wax.png[39m[0m
[   3% ] [90m[1mreimport[22m | stir.png[39m[0m
[   7% ] [90m[1mreimport[22m | stain.png[39m[0m
[  11% ] [90m[1mreimport[22m | song.png[39m[0m
[  15% ] [90m[1mreimport[22m | sit.png[39m[0m
[  19% ] [90m[1mreimport[22m | shadow.png[39m[0m
[  23% ] [90m[1mreimport[22m | settle.png[39m[0m
[  26% ] [90m[1mreimport[22m | see.png[39m[0m
[  30% ] [90m[1mreimport[22m | rite.png[39m[0m
[  34% ] [90m[1mreimport[22m | recall.png[39m[0m
[  34% ] [90m[1mreimport[22m | recall.png[39m[0m
[  38% ] [90m[1mreimport[22m | pour.png[39m[0m
[  42% ] [90m[1mreimport[22m | pilgrim.png[39m[0m
[  46% ] [90m[1mreimport[22m | know.png[39m[0m
[  50% ] [90m[1mreimport[22m | form.png[39m[0m
[  53% ] [90m[1mreimport[22m | forget.png[39m[0m
[  57% ] [90m[1mreimport[22m | ferry.png[39m[0m
[  61% ] [90m[1mreimport[22m | feel.png[39m[0m
[  65% ] [90m[1mreimport[22m | fare.png[39m[0m
[  69% ] [90m[1mreimport[22m | dust.png[39m[0m
Godot_v4.7.2-stable_win64_console.exe : ERROR: Cannot open MD5 file 'res://.god
ot/imported/dust.png-f724199a3091cfb2afc36852dfc14ba4.md5'.
所在位置 行:445 字符: 144
+ ... able_win64.exe\卡片游戏\解脱\解脱"; & $godot --headless --import 2>&1 | Out-F ...
+                                 ~~~~~~~~~~~~~~~~~~~~~~~~~~~~~~~~~
    + CategoryInfo          : NotSpecified: (ERROR: Cannot o...2dfc14ba4.md5'. 
   :String) [], RemoteException
    + FullyQualifiedErrorId : NativeCommandError
 
   at: _reimport_file (editor/file_system/editor_file_system.cpp:3041)
[  73% ] [90m[1mreimport[22m | douse.png[39m[0m
[  76% ] [90m[1mreimport[22m | curse.png[39m[0m
[  80% ] [90m[1mreimport[22m | cloth.png[39m[0m
[  84% ] [90m[1mreimport[22m | chart.png[39m[0m
[  88% ] [90m[1mreimport[22m | call.png[39m[0m
[  92% ] [90m[1mreimport[22m | brush.png[39m[0m
[  96% ] [90m[1mreimport[22m | 姝ｅ湪缁撴潫璧勪骇瀵煎叆鈥︹€?[39m[0m
[92m[ DONE ][39m [1mreimport[22m
[0m
[   0% ] [90m[1mreimport[22m | Started 姝ｅ湪瀵煎叆鎴栭噸鏂板鍏ヨ祫浜?(25 steps)[39m[0m
[   0% ] [90m[1mreimport[22m | 姝ｅ湪鎵ц閲嶆柊瀵煎叆鐨勫悗缃搷浣溾€︹€?[39m[0m
[92m[ DONE ][39m [1mreimport[22m
[0m
[   0% ] [90m[1mloading_editor_layout[22m | Started 姝ｅ湪鍔犺浇缂栬緫鍣?(5 steps)[39m[0m
[   0% ] [90m[1mloading_editor_layout[22m | 姝ｅ湪鍔犺浇缂栬緫鍣ㄥ竷灞€鈥︹€?[39m[0m
[  16% ] [90m[1mloading_editor_layout[22m | 姝ｅ湪鍔犺浇鍋滈潬闈㈡澘鈥︹€?[39m[0m
[  33% ] [90m[1mloading_editor_layout[22m | 姝ｅ湪閲嶆柊鎵撳紑鍦烘櫙鈥︹€?[39m[0m
[  50% ] [90m[1mloading_editor_layout[22m | 姝ｅ湪鍔犺浇涓ぎ缂栬緫鍣ㄥ竷灞€鈥︹€?[39m[0m
[  66% ] [90m[1mloading_editor_layout[22m | 姝ｅ湪鍔犺浇鎻掍欢绐楀彛甯冨眬鈥︹€?[39m[0m
[  83% ] [90m[1mloading_editor_layout[22m | 缂栬緫鍣ㄥ竷灞€灏辩华銆?[39m[0m
[92m[ DONE ][39m [1mloading_editor_layout[22m
[0m
